
input_patch_size= 256
input_channels= ['SSH anomaly', 'high-pass filtered SSH', 'local gradient magnitude']
cnn_channels= [128, 256, 512]
embedding_dim= 96
num_transformer_blocks= 4
num_attention_heads= 4
sra_reduction_ratios= [8, 4, 2, 1]
dropout= 0.1
total_parameters= 1977473

 HybridOIWDetector(
  (cnn): Sequential(
    (0): ConvBNGELU(
      (block): Sequential(
        (0): Conv2d(3, 128, kernel_size=(3, 3), stride=(2, 2), padding=(1, 1), bias=False)
        (1): BatchNorm2d(128, eps=1e-05, momentum=0.1, affine=True, track_running_stats=True)
        (2): GELU(approximate='none')
      )
    )
    (1): ConvBNGELU(
      (block): Sequential(
        (0): Conv2d(128, 256, kernel_size=(3, 3), stride=(2, 2), padding=(1, 1), bias=False)
        (1): BatchNorm2d(256, eps=1e-05, momentum=0.1, affine=True, track_running_stats=True)
        (2): GELU(approximate='none')
      )
    )
    (2): ConvBNGELU(
      (block): Sequential(
        (0): Conv2d(256, 512, kernel_size=(3, 3), stride=(2, 2), padding=(1, 1), bias=False)
        (1): BatchNorm2d(512, eps=1e-05, momentum=0.1, affine=True, track_running_stats=True)
        (2): GELU(approximate='none')
      )
    )
  )
  (proj): Conv2d(512, 96, kernel_size=(1, 1), stride=(1, 1))
  (blocks): ModuleList(
    (0-3): 4 x TransformerBlockSRA(
      (norm1): LayerNorm((96,), eps=1e-05, elementwise_affine=True)
      (attn): SpatialReductionAttention(
        (q): Linear(in_features=96, out_features=96, bias=True)
        (kv): Linear(in_features=96, out_features=192, bias=True)
        (proj): Linear(in_features=96, out_features=96, bias=True)
        (drop): Dropout(p=0.1, inplace=False)
        (sr_norm): LayerNorm((96,), eps=1e-05, elementwise_affine=True)
      )
      (drop_path): Dropout(p=0.1, inplace=False)
      (norm2): LayerNorm((96,), eps=1e-05, elementwise_affine=True)
      (ffn): Sequential(
        (0): Linear(in_features=96, out_features=384, bias=True)
        (1): GELU(approximate='none')
        (2): Dropout(p=0.1, inplace=False)
        (3): Linear(in_features=384, out_features=96, bias=True)
        (4): Dropout(p=0.1, inplace=False)
      )
    )
  )
  (norm): LayerNorm((96,), eps=1e-05, elementwise_affine=True)
  (head): Linear(in_features=96, out_features=1, bias=True)
)
